// Jest Snapshot v1, https://goo.gl/fbAQLP

exports[`SearchInput renders the component 1`] = `
<div>
  <h4>Search by author, title, or subject</h4>
  <form novalidate="novalidate" class="v-form">
    <div class="v-input v-text-field v-text-field--placeholder theme--light">
      <div class="v-input__control">
        <div class="v-input__slot">
          <div class="v-text-field__slot"><label aria-hidden="true" class="v-label v-label--active theme--light" style="left: 0px; position: absolute;">Search</label><input aria-label="Search" type="text" placeholder="e.g. Hemmingway"></div>
        </div>
        <div class="v-text-field__details">
          <div class="v-messages theme--light">
            <div class="v-messages__wrapper"></div>
          </div>
        </div>
      </div>
    </div>
  </form> <button type="button" class="v-btn theme--light primary" id="search-submit-btn">
    <div class="v-btn__content">Search</div>
  </button>
</div>
`;
